// Jest Snapshot v1, https://goo.gl/fbAQLP

exports[`Webhook Component: Batch Status Tab should render batch status tab with table data 1`] = `
<TableCollection
  columns={
    Array [
      Object {
        "label": "Timestamp",
      },
      Object {
        "label": "Batch ID",
      },
      Object {
        "label": "Status",
      },
      Object {
        "label": "Attempts",
      },
      null,
    ]
  }
  defaultSortColumn={null}
  defaultSortDirection="asc"
  getRowData={[Function]}
  pagination={true}
  rows={
    Array [
      Object {
        "attempts": 1,
        "batch_id": "243423423423",
        "formatted_time": "so-formatted",
        "response_code": 200,
        "status": "Success",
      },
      Object {
        "attempts": 4,
        "batch_id": "996969545",
        "formatted_time": "so-formatted-2",
        "response_code": 500,
        "status": "f",
      },
    ]
  }
/>
`;

exports[`Webhook Component: Batch Status Tab should render table rows correctly 1`] = `
Array [
  Array [
    "so-formatted",
    "243423423423",
    <Tag
      color="blue"
    >
      200
    </Tag>,
    1,
    <div
      style={
        Object {
          "textAlign": "right",
        }
      }
    >
      <Button
        component={[Function]}
        size="small"
        to="/webhooks/details/webhook-id/batches/243423423423"
      >
        View Details
      </Button>
    </div>,
  ],
  Array [
    "so-formatted-2",
    "996969545",
    <Tag
      color="yellow"
    >
      500
    </Tag>,
    4,
    <div
      style={
        Object {
          "textAlign": "right",
        }
      }
    >
      <Button
        component={[Function]}
        size="small"
        to="/webhooks/details/webhook-id/batches/996969545"
      >
        View Details
      </Button>
    </div>,
  ],
]
`;

exports[`Webhook Component: Batch Status Tab should show empty message when no batches exist 1`] = `
<Empty
  message="There are no batches for your webhook"
/>
`;

exports[`Webhook Component: Batch Status Tab should show loading component while refreshing data 1`] = `
<PanelLoading
  minHeight="400px"
/>
`;
