// Jest Snapshot v1, https://goo.gl/fbAQLP

exports[`Page: Webhook Details should render happy path 1`] = `
<Page
  breadcrumbAction={
    Object {
      "Component": [Function],
      "content": "Webhooks",
      "to": "/webhooks/",
    }
  }
  empty={Object {}}
  secondaryActions={
    Array [
      Object {
        "content": "Delete",
        "onClick": [Function],
      },
    ]
  }
  title="My Hooky"
>
  <Tabs
    color="orange"
    connectBelow={true}
    selected={1}
    tabs={
      Array [
        Object {
          "Component": [Function],
          "content": "Settings",
          "to": "/webhooks/details/my-id?subaccount=101",
        },
        Object {
          "Component": [Function],
          "content": "Test",
          "to": "/webhooks/details/my-id/test?subaccount=101",
        },
        Object {
          "Component": [Function],
          "content": "Batches",
          "to": "/webhooks/details/my-id/batches?subaccount=101",
        },
      ]
    }
  />
  <Route
    exact={true}
    path="/webhooks/details/my-id"
    render={[Function]}
  />
  <Route
    path="/webhooks/details/my-id/test"
    render={[Function]}
  />
  <Route
    exact={true}
    path="/webhooks/details/my-id/batches"
    render={[Function]}
  />
  <Route
    exact={true}
    path="/webhooks/details/my-id/batches/:batchId"
    render={[Function]}
  />
  <DeleteModal
    content={
      <p>
        The webhook will be permanently removed and send no further events. This cannot be undone.
      </p>
    }
    onCancel={[Function]}
    onDelete={[Function]}
    open={false}
    title="Are you sure you want to delete this webhook?"
  />
</Page>
`;
